---
source: src/lib.rs
expression: "(parsed, arena.scratch.scratch, arena.values, arena.keys)"
---
(
    Value {
        span: 2222..2230,
        kind: Object(
            Object {
                keys: 11..12,
                values: 13..14,
            },
        ),
    },
    "",
    [
        Value {
            span: 335..1040,
            kind: Leaf(
                String,
            ),
        },
        Value {
            span: 1078..1086,
            kind: Leaf(
                String,
            ),
        },
        Value {
            span: 1202..1968,
            kind: Leaf(
                String,
            ),
        },
        Value {
            span: 2006..2014,
            kind: Leaf(
                String,
            ),
        },
        Value {
            span: 1078..1086,
            kind: Object(
                Object {
                    keys: 0..2,
                    values: 0..2,
                },
            ),
        },
        Value {
            span: 2006..2014,
            kind: Object(
                Object {
                    keys: 2..4,
                    values: 2..4,
                },
            ),
        },
        Value {
            span: 2122..2127,
            kind: Leaf(
                String,
            ),
        },
        Value {
            span: 2153..2170,
            kind: Leaf(
                String,
            ),
        },
        Value {
            span: 139..221,
            kind: Leaf(
                String,
            ),
        },
        Value {
            span: 2006..2014,
            kind: Object(
                Object {
                    keys: 4..6,
                    values: 4..6,
                },
            ),
        },
        Value {
            span: 2153..2170,
            kind: Array(
                Array {
                    values: 6..8,
                },
            ),
        },
        Value {
            span: 2222..2230,
            kind: Leaf(
                String,
            ),
        },
        Value {
            span: 2222..2230,
            kind: Object(
                Object {
                    keys: 6..10,
                    values: 8..12,
                },
            ),
        },
        Value {
            span: 2222..2230,
            kind: Object(
                Object {
                    keys: 10..11,
                    values: 12..13,
                },
            ),
        },
    ],
    [
        StringKey(
            125..136,
        ),
        StringKey(
            1071..1075,
        ),
        StringKey(
            125..136,
        ),
        StringKey(
            1071..1075,
        ),
        StringKey(
            284..287,
        ),
        StringKey(
            1139..1154,
        ),
        StringKey(
            125..136,
        ),
        StringKey(
            244..254,
        ),
        StringKey(
            2085..2093,
        ),
        StringKey(
            1071..1075,
        ),
        StringKey(
            48..99,
        ),
        StringKey(
            15..26,
        ),
    ],
)
